=== SENTINEL System Check ===
Tarih: Sat Apr 11 10:45:01 UTC 2026
Hostname: ubuntu-jammy
IP: 10.0.2.15/24
CPU: 0.0% kullanim
RAM: 180MB / 957MB
Disk: 5% dolu
===========================
=== SENTINEL System Check ===
Tarih: Sat Apr 11 10:50:01 UTC 2026
Hostname: ubuntu-jammy
IP: 10.0.2.15/24
CPU: 0.0% kullanim
RAM: 180MB / 957MB
Disk: 5% dolu
===========================
=== SENTINEL System Check ===
Tarih: Sat Apr 11 10:55:01 UTC 2026
Hostname: ubuntu-jammy
IP: 10.0.2.15/24
CPU: 0.0% kullanim
RAM: 180MB / 957MB
Disk: 5% dolu
===========================
=== SENTINEL System Check ===
Tarih: Sat Apr 11 11:00:01 UTC 2026
Hostname: ubuntu-jammy
IP: 10.0.2.15/24
CPU: 0.0% kullanim
RAM: 180MB / 957MB
Disk: 5% dolu
===========================
=== SENTINEL System Check ===
Tarih: Sat Apr 11 11:05:01 UTC 2026
Hostname: ubuntu-jammy
IP: 10.0.2.15/24
CPU: 0.0% kullanim
RAM: 179MB / 957MB
Disk: 5% dolu
===========================
=== SENTINEL System Check ===
Tarih: Sat Apr 11 11:10:01 UTC 2026
Hostname: ubuntu-jammy
IP: 10.0.2.15/24
CPU: 0.0% kullanim
RAM: 175MB / 957MB
Disk: 5% dolu
===========================
=== SENTINEL System Check ===
Tarih: Sat Apr 11 11:15:02 UTC 2026
Hostname: ubuntu-jammy
IP: 10.0.2.15/24
CPU: 0.0% kullanim
RAM: 175MB / 957MB
Disk: 5% dolu
===========================
=== SENTINEL System Check ===
Tarih: Sat Apr 11 11:20:01 UTC 2026
Hostname: ubuntu-jammy
IP: 10.0.2.15/24
CPU: 0.0% kullanim
RAM: 175MB / 957MB
Disk: 5% dolu
===========================
=== SENTINEL System Check ===
Tarih: Sat Apr 11 11:25:01 UTC 2026
Hostname: ubuntu-jammy
IP: 10.0.2.15/24
CPU: 0.0% kullanim
RAM: 175MB / 957MB
Disk: 5% dolu
===========================
=== SENTINEL System Check ===
Tarih: Sat Apr 11 11:30:01 UTC 2026
Hostname: ubuntu-jammy
IP: 10.0.2.15/24
CPU: 0.0% kullanim
RAM: 175MB / 957MB
Disk: 5% dolu
===========================
=== SENTINEL System Check ===
Tarih: Sat Apr 11 11:35:01 UTC 2026
Hostname: ubuntu-jammy
IP: 10.0.2.15/24
CPU: 0.0% kullanim
RAM: 175MB / 957MB
Disk: 5% dolu
===========================
=== SENTINEL System Check ===
Tarih: Sat Apr 11 11:40:01 UTC 2026
Hostname: ubuntu-jammy
IP: 10.0.2.15/24
CPU: 0.0% kullanim
RAM: 175MB / 957MB
Disk: 5% dolu
===========================
=== SENTINEL System Check ===
Tarih: Sat Apr 11 11:45:01 UTC 2026
Hostname: ubuntu-jammy
IP: 10.0.2.15/24
CPU: 0.0% kullanim
RAM: 176MB / 957MB
Disk: 5% dolu
===========================
=== SENTINEL System Check ===
Tarih: Sat Apr 11 11:50:01 UTC 2026
Hostname: ubuntu-jammy
IP: 10.0.2.15/24
CPU: 0.0% kullanim
RAM: 176MB / 957MB
Disk: 5% dolu
===========================
=== SENTINEL System Check ===
Tarih: Sat Apr 11 11:55:01 UTC 2026
Hostname: ubuntu-jammy
IP: 10.0.2.15/24
CPU: 0.0% kullanim
RAM: 176MB / 957MB
Disk: 5% dolu
===========================
=== SENTINEL System Check ===
Tarih: Sat Apr 11 12:00:01 UTC 2026
Hostname: ubuntu-jammy
IP: 10.0.2.15/24
CPU: 0.0% kullanim
RAM: 176MB / 957MB
Disk: 5% dolu
===========================
=== SENTINEL System Check ===
Tarih: Sat Apr 11 12:05:01 UTC 2026
Hostname: ubuntu-jammy
IP: 10.0.2.15/24
CPU: 0.0% kullanim
RAM: 176MB / 957MB
Disk: 5% dolu
===========================
=== SENTINEL System Check ===
Tarih: Sat Apr 11 12:10:02 UTC 2026
Hostname: ubuntu-jammy
IP: 10.0.2.15/24
CPU: 0.0% kullanim
RAM: 176MB / 957MB
Disk: 5% dolu
===========================
=== SENTINEL System Check ===
Tarih: Sat Apr 11 12:15:01 UTC 2026
Hostname: ubuntu-jammy
IP: 10.0.2.15/24
CPU: 0.0% kullanim
RAM: 176MB / 957MB
Disk: 5% dolu
===========================
=== SENTINEL System Check ===
Tarih: Sat Apr 11 12:20:01 UTC 2026
Hostname: ubuntu-jammy
IP: 10.0.2.15/24
CPU: 0.0% kullanim
RAM: 176MB / 957MB
Disk: 5% dolu
===========================
=== SENTINEL System Check ===
Tarih: Sat Apr 11 12:25:01 UTC 2026
Hostname: ubuntu-jammy
IP: 10.0.2.15/24
CPU: 0.0% kullanim
RAM: 176MB / 957MB
Disk: 5% dolu
===========================
=== SENTINEL System Check ===
Tarih: Sat Apr 11 12:30:01 UTC 2026
Hostname: ubuntu-jammy
IP: 10.0.2.15/24
CPU: 0.0% kullanim
RAM: 176MB / 957MB
Disk: 5% dolu
===========================
=== SENTINEL System Check ===
Tarih: Sat Apr 11 12:35:01 UTC 2026
Hostname: ubuntu-jammy
IP: 10.0.2.15/24
CPU: 3.1% kullanim
RAM: 177MB / 957MB
Disk: 5% dolu
===========================
=== SENTINEL System Check ===
Tarih: Sat Apr 11 12:40:01 UTC 2026
Hostname: ubuntu-jammy
IP: 10.0.2.15/24
CPU: 0.0% kullanim
RAM: 177MB / 957MB
Disk: 5% dolu
===========================
=== SENTINEL System Check ===
Tarih: Sat Apr 11 12:45:01 UTC 2026
Hostname: ubuntu-jammy
IP: 10.0.2.15/24
CPU: 0.0% kullanim
RAM: 177MB / 957MB
Disk: 5% dolu
===========================
=== SENTINEL System Check ===
Tarih: Sat Apr 11 12:50:01 UTC 2026
Hostname: ubuntu-jammy
IP: 10.0.2.15/24
CPU: 0.0% kullanim
RAM: 169MB / 957MB
Disk: 5% dolu
===========================
=== SENTINEL System Check ===
Tarih: Sat Apr 11 12:55:02 UTC 2026
Hostname: ubuntu-jammy
IP: 10.0.2.15/24
CPU: 0.0% kullanim
RAM: 162MB / 957MB
Disk: 6% dolu
===========================
=== SENTINEL System Check ===
Tarih: Sat Apr 11 13:00:01 UTC 2026
Hostname: ubuntu-jammy
IP: 10.0.2.15/24
CPU: 0.0% kullanim
RAM: 162MB / 957MB
Disk: 6% dolu
===========================
=== SENTINEL System Check ===
Tarih: Sat Apr 11 13:05:01 UTC 2026
Hostname: ubuntu-jammy
IP: 10.0.2.15/24
CPU: 0.0% kullanim
RAM: 193MB / 957MB
Disk: 6% dolu
===========================
=== SENTINEL System Check ===
Tarih: Sat Apr 11 13:10:01 UTC 2026
Hostname: ubuntu-jammy
IP: 10.0.2.15/24
CPU: 0.0% kullanim
RAM: 219MB / 957MB
Disk: 6% dolu
===========================
=== SENTINEL System Check ===
Tarih: Sat Apr 11 13:15:01 UTC 2026
Hostname: ubuntu-jammy
IP: 10.0.2.15/24
CPU: 0.0% kullanim
RAM: 256MB / 957MB
Disk: 7% dolu
===========================
=== SENTINEL System Check ===
Tarih: Sat Apr 11 13:20:01 UTC 2026
Hostname: ubuntu-jammy
IP: 10.0.2.15/24
CPU: 0.0% kullanim
RAM: 227MB / 957MB
Disk: 7% dolu
===========================
=== SENTINEL System Check ===
Tarih: Sat Apr 11 13:25:01 UTC 2026
Hostname: ubuntu-jammy
IP: 10.0.2.15/24
CPU: 0.0% kullanim
RAM: 226MB / 957MB
Disk: 7% dolu
===========================
=== SENTINEL System Check ===
Tarih: Sat Apr 11 13:30:01 UTC 2026
Hostname: ubuntu-jammy
IP: 10.0.2.15/24
CPU: 1.5% kullanim
RAM: 226MB / 957MB
Disk: 7% dolu
===========================
=== SENTINEL System Check ===
Tarih: Sat Apr 11 13:35:02 UTC 2026
Hostname: ubuntu-jammy
IP: 10.0.2.15/24
CPU: 0.0% kullanim
RAM: 227MB / 957MB
Disk: 7% dolu
===========================
=== SENTINEL System Check ===
Tarih: Sat Apr 11 13:40:01 UTC 2026
Hostname: ubuntu-jammy
IP: 10.0.2.15/24
CPU: 0.0% kullanim
RAM: 226MB / 957MB
Disk: 7% dolu
===========================
=== SENTINEL System Check ===
Tarih: Sat Apr 11 13:45:01 UTC 2026
Hostname: ubuntu-jammy
IP: 10.0.2.15/24
CPU: 0.0% kullanim
RAM: 225MB / 957MB
Disk: 7% dolu
===========================
=== SENTINEL System Check ===
Tarih: Sat Apr 11 13:50:01 UTC 2026
Hostname: ubuntu-jammy
IP: 10.0.2.15/24
CPU: 0.0% kullanim
RAM: 225MB / 957MB
Disk: 7% dolu
===========================
=== SENTINEL System Check ===
Tarih: Sat Apr 11 13:55:02 UTC 2026
Hostname: ubuntu-jammy
IP: 10.0.2.15/24
CPU: 3.1% kullanim
RAM: 225MB / 957MB
Disk: 7% dolu
===========================
